<?php return array (
  0 => 'Symfony\\Bundle\\FrameworkBundle\\Controller\\AbstractController',
  1 => 'App\\Controller\\AbonnementController',
  2 => 'App\\Controller\\CategorieController',
  3 => 'App\\Controller\\HomeController',
  4 => 'App\\Controller\\MainController',
  5 => 'App\\Entity\\Abonnement',
  6 => 'App\\Entity\\CategorieAbonnements',
  7 => 'Doctrine\\Bundle\\DoctrineBundle\\Controller\\ProfilerController',
  8 => 'Doctrine\\ORM\\Cache\\Persister\\Entity\\AbstractEntityPersister',
  9 => 'Doctrine\\ORM\\Cache\\Persister\\Entity\\CachedEntityPersister',
  10 => 'Doctrine\\ORM\\Cache\\Persister\\Entity\\NonStrictReadWriteCachedEntityPersister',
  11 => 'Doctrine\\ORM\\Cache\\Persister\\Entity\\ReadOnlyCachedEntityPersister',
  12 => 'Doctrine\\ORM\\Cache\\Persister\\Entity\\ReadWriteCachedEntityPersister',
  13 => 'Doctrine\\ORM\\Persisters\\Entity\\AbstractEntityInheritancePersister',
  14 => 'Doctrine\\ORM\\Persisters\\Entity\\BasicEntityPersister',
  15 => 'Doctrine\\ORM\\Persisters\\Entity\\CachedPersisterContext',
  16 => 'Doctrine\\ORM\\Persisters\\Entity\\EntityPersister',
  17 => 'Doctrine\\ORM\\Persisters\\Entity\\JoinedSubclassPersister',
  18 => 'Doctrine\\ORM\\Persisters\\Entity\\SingleTablePersister',
  20 => 'Symfony\\Bundle\\FrameworkBundle\\Controller\\ControllerResolver',
  21 => 'Symfony\\Bundle\\FrameworkBundle\\Controller\\RedirectController',
  22 => 'Symfony\\Bundle\\FrameworkBundle\\Controller\\TemplateController',
  23 => 'Symfony\\Bundle\\WebProfilerBundle\\Controller\\ExceptionPanelController',
  24 => 'Symfony\\Bundle\\WebProfilerBundle\\Controller\\ProfilerController',
  25 => 'Symfony\\Bundle\\WebProfilerBundle\\Controller\\RouterController',
  26 => 'Symfony\\Component\\HttpKernel\\Controller\\ArgumentResolver',
  27 => 'Symfony\\Component\\HttpKernel\\Controller\\ArgumentResolverInterface',
  28 => 'Symfony\\Component\\HttpKernel\\Controller\\ArgumentResolver\\DefaultValueResolver',
  29 => 'Symfony\\Component\\HttpKernel\\Controller\\ArgumentResolver\\NotTaggedControllerValueResolver',
  30 => 'Symfony\\Component\\HttpKernel\\Controller\\ArgumentResolver\\RequestAttributeValueResolver',
  31 => 'Symfony\\Component\\HttpKernel\\Controller\\ArgumentResolver\\RequestValueResolver',
  32 => 'Symfony\\Component\\HttpKernel\\Controller\\ArgumentResolver\\ServiceValueResolver',
  33 => 'Symfony\\Component\\HttpKernel\\Controller\\ArgumentResolver\\SessionValueResolver',
  34 => 'Symfony\\Component\\HttpKernel\\Controller\\ArgumentResolver\\TraceableValueResolver',
  35 => 'Symfony\\Component\\HttpKernel\\Controller\\ArgumentResolver\\VariadicValueResolver',
  36 => 'Symfony\\Component\\HttpKernel\\Controller\\ArgumentValueResolverInterface',
  37 => 'Symfony\\Component\\HttpKernel\\Controller\\ContainerControllerResolver',
  38 => 'Symfony\\Component\\HttpKernel\\Controller\\ControllerReference',
  39 => 'Symfony\\Component\\HttpKernel\\Controller\\ControllerResolver',
  40 => 'Symfony\\Component\\HttpKernel\\Controller\\ControllerResolverInterface',
  41 => 'Symfony\\Component\\HttpKernel\\Controller\\ErrorController',
  42 => 'Symfony\\Component\\HttpKernel\\Controller\\TraceableArgumentResolver',
  43 => 'Symfony\\Component\\HttpKernel\\Controller\\TraceableControllerResolver',
  44 => 'Symfony\\Component\\Security\\Http\\Controller\\UserValueResolver',
);