<?php return array (
  0 => 'Symfony\\Bundle\\FrameworkBundle\\Controller\\AbstractController',
  1 => 'App\\Entity\\Admin',
  2 => 'App\\Entity\\Category',
  3 => 'App\\Entity\\Consultation',
  4 => 'App\\Entity\\Medicament',
  5 => 'App\\Entity\\Question',
  6 => 'App\\Entity\\Reclamation',
  7 => 'App\\Entity\\RendezVous',
  8 => 'App\\Entity\\Reponse',
  9 => 'App\\Entity\\User',
  10 => 'Doctrine\\Bundle\\DoctrineBundle\\Controller\\ProfilerController',
  11 => 'Doctrine\\ORM\\Cache\\Persister\\Entity\\AbstractEntityPersister',
  12 => 'Doctrine\\ORM\\Cache\\Persister\\Entity\\CachedEntityPersister',
  13 => 'Doctrine\\ORM\\Cache\\Persister\\Entity\\NonStrictReadWriteCachedEntityPersister',
  14 => 'Doctrine\\ORM\\Cache\\Persister\\Entity\\ReadOnlyCachedEntityPersister',
  15 => 'Doctrine\\ORM\\Cache\\Persister\\Entity\\ReadWriteCachedEntityPersister',
  16 => 'Doctrine\\ORM\\Persisters\\Entity\\AbstractEntityInheritancePersister',
  17 => 'Doctrine\\ORM\\Persisters\\Entity\\BasicEntityPersister',
  18 => 'Doctrine\\ORM\\Persisters\\Entity\\CachedPersisterContext',
  19 => 'Doctrine\\ORM\\Persisters\\Entity\\EntityPersister',
  20 => 'Doctrine\\ORM\\Persisters\\Entity\\JoinedSubclassPersister',
  21 => 'Doctrine\\ORM\\Persisters\\Entity\\SingleTablePersister',
  23 => 'Symfony\\Bundle\\FrameworkBundle\\Controller\\ControllerResolver',
  24 => 'Symfony\\Bundle\\FrameworkBundle\\Controller\\RedirectController',
  25 => 'Symfony\\Bundle\\FrameworkBundle\\Controller\\TemplateController',
  26 => 'Symfony\\Bundle\\WebProfilerBundle\\Controller\\ExceptionPanelController',
  27 => 'Symfony\\Bundle\\WebProfilerBundle\\Controller\\ProfilerController',
  28 => 'Symfony\\Bundle\\WebProfilerBundle\\Controller\\RouterController',
  29 => 'Symfony\\Component\\HttpKernel\\Controller\\ArgumentResolver',
  30 => 'Symfony\\Component\\HttpKernel\\Controller\\ArgumentResolverInterface',
  31 => 'Symfony\\Component\\HttpKernel\\Controller\\ArgumentResolver\\DefaultValueResolver',
  32 => 'Symfony\\Component\\HttpKernel\\Controller\\ArgumentResolver\\NotTaggedControllerValueResolver',
  33 => 'Symfony\\Component\\HttpKernel\\Controller\\ArgumentResolver\\RequestAttributeValueResolver',
  34 => 'Symfony\\Component\\HttpKernel\\Controller\\ArgumentResolver\\RequestValueResolver',
  35 => 'Symfony\\Component\\HttpKernel\\Controller\\ArgumentResolver\\ServiceValueResolver',
  36 => 'Symfony\\Component\\HttpKernel\\Controller\\ArgumentResolver\\SessionValueResolver',
  37 => 'Symfony\\Component\\HttpKernel\\Controller\\ArgumentResolver\\TraceableValueResolver',
  38 => 'Symfony\\Component\\HttpKernel\\Controller\\ArgumentResolver\\VariadicValueResolver',
  39 => 'Symfony\\Component\\HttpKernel\\Controller\\ArgumentValueResolverInterface',
  40 => 'Symfony\\Component\\HttpKernel\\Controller\\ContainerControllerResolver',
  41 => 'Symfony\\Component\\HttpKernel\\Controller\\ControllerReference',
  42 => 'Symfony\\Component\\HttpKernel\\Controller\\ControllerResolver',
  43 => 'Symfony\\Component\\HttpKernel\\Controller\\ControllerResolverInterface',
  44 => 'Symfony\\Component\\HttpKernel\\Controller\\ErrorController',
  45 => 'Symfony\\Component\\HttpKernel\\Controller\\TraceableArgumentResolver',
  46 => 'Symfony\\Component\\HttpKernel\\Controller\\TraceableControllerResolver',
  47 => 'Symfony\\Component\\Security\\Http\\Controller\\UserValueResolver',
);